OK   0.66s conf=0.99 | make a new blank page -> File > New
OK   0.36s conf=1.0 | open a file from my documents -> File > Open…
OK   0.31s conf=0.95 | show me the files i had open yesterday -> File > Open Recent…
OK   0.46s conf=1.0 | save this -> File > Save
OK   0.31s conf=1.0 | keep a copy with a different name -> File > Save As…
OK   0.42s conf=1.0 | save everything i have open -> File > Save All
OK   0.34s conf=1.0 | close this tab -> File > Close Editor
OK   0.43s conf=1.0 | undo that -> Edit > Undo
OK   0.36s conf=0.98 | i undid too much, put it back -> Edit > Redo
OK   0.41s conf=1.0 | copy this -> Edit > Copy
OK   0.39s conf=1.0 | put what i copied here -> Edit > Paste
OK   0.40s conf=1.0 | find a word on this page -> Edit > Find
OK   0.31s conf=0.95 | look through all my files for one word -> Edit > Find in Project
OK   0.48s conf=1.0 | highlight everything -> Selection > Select All
OK   0.60s conf=1.0 | move this line up one -> Selection > Move Line Up
OK   0.77s conf=0.98 | make a copy of this line right under it -> Selection > Duplicate Selection
OK   0.62s conf=0.99 | the text is too small to read -> View > Zoom In
OK   0.47s conf=0.99 | make the words smaller -> View > Zoom Out
OK   0.29s conf=0.91 | put the text size back to normal -> View > Reset Zoom
OK   0.40s conf=0.74 | show the list of my files on the side -> View > Project Panel
OK   0.39s conf=0.71 | i need the black command window at the bottom -> View > Terminal Panel
OK   0.39s conf=0.78 | make it fill the whole screen -> View > Enter Full Screen
OK   0.32s conf=0.69 | put two files next to each other so i can compare -> View > Editor Layout > Split Right
OK   0.34s conf=0.99 | change the colors to dark mode -> Zed > Settings > Select Theme...
OK   0.50s conf=0.98 | change some settings -> Zed > Settings > Open Settings
OK   0.34s conf=0.99 | jump to line 50 -> Go > Go to Line/Column...
OK   0.35s conf=0.95 | quickly open a file by typing its name -> Go > Go to File...
OK   0.52s conf=0.62 | take me back to where i was -> Go > Back
OK   0.31s conf=0.93 | where can i read how to use this -> Help > Documentation
OK   0.50s conf=1.0 | close the app -> Zed > Quit Zed
OK   0.37s conf=1.0 | i want to add more add-ons to this -> Zed > Extensions
OK   0.42s conf=0.96 | paano palakihin yung font dito -> View > Zoom In
OK   0.78s conf=0.99 | i-save mo lahat ng bukas na files -> File > Save All
OK   0.37s conf=0.98 | hanapin mo yung salitang hello dito -> Edit > Find
OK   0.44s conf=1.0 | ibalik mo yung dati, nagkamali ako -> Edit > Undo

Zed: accuracy 35/35  median latency 0.40s
OK   0.75s conf=0.57 | the video is sideways -> Edit > Rotate Left
OK   0.37s conf=0.99 | turn the video a quarter turn to the left -> Edit > Rotate Left
OK   0.39s conf=0.99 | the video looks like a mirror, everything is backwards -> Edit > Flip Horizontal
OK   0.33s conf=1.0 | flip the picture so the top is at the bottom -> Edit > Flip Vertical
OK   0.35s conf=0.99 | cut off the boring part at the beginning -> Edit > Trim…
OK   0.40s conf=1.0 | make the video shorter -> Edit > Trim…
OK   0.34s conf=0.99 | record my screen to show my grandson how to do something -> File > New Screen Recording
OK   0.46s conf=0.99 | record a voice message with the microphone -> File > New Audio Recording
OK   0.36s conf=1.0 | take a video of myself with the camera -> File > New Movie Recording
OK   0.69s conf=1.0 | open a video i have saved -> File > Open File…
OK   0.36s conf=0.96 | save this -> File > Save…
OK   0.42s conf=0.81 | make the video file small so I can email it -> File > Export As > 480p…
OK   0.35s conf=0.95 | I only want the sound from this video -> File > Export As > Audio Only…
OK   0.68s conf=0.86 | make a copy of this video -> File > Duplicate
OK   0.38s conf=0.82 | change the name of the video -> File > Rename…
OK   0.42s conf=0.68 | make the video fill the whole screen -> View > Enter Full Screen
OK   0.37s conf=1.0 | play it over and over -> View > Loop
OK   0.40s conf=0.93 | keep the video on top so it doesnt go behind my other windows -> View > Float on Top
OK   0.38s conf=0.66 | turn off the words at the bottom -> View > Subtitles > Off
OK   1.29s conf=1.0 | skip to the next part of the movie -> View > Next Chapter
OK   0.32s conf=0.57 | go back to the part before -> View > Previous Chapter
OK   0.41s conf=0.94 | take the sound out of the video -> Edit > Remove Audio
OK   0.29s conf=0.87 | cut the video into two pieces here -> Edit > Split Clip
OK   0.84s conf=0.99 | add another video to the end of this one -> Edit > Add Clip to End...
OK   0.65s conf=1.0 | undo that -> Edit > Undo
OK   0.34s conf=1.0 | show the video at its real size -> View > Actual Size
OK   0.46s conf=0.99 | how long is this video and how big is the file -> Window > Show Movie Inspector
OK   0.58s conf=0.8 | move the video to a different folder -> File > Move To…
OK   0.34s conf=0.99 | pa-record naman ng screen ko -> File > New Screen Recording
OK   0.51s conf=0.52 | paano i-ikot yung video, nakatagilid -> Edit > Rotate Left
BAD  0.39s conf=0.81 | i-save mo ng mas maliit para ma-send sa viber -> File > Export As > 480p…
OK   0.64s conf=0.76 | save it in good HD quality -> File > Export As > 1080p…
OK   0.44s conf=0.99 | close the video -> File > Close

QuickTime Player: accuracy 32/33  median latency 0.40s
OK   0.93s conf=1.0 | add my doctor appointment on friday -> File > New Event or Reminder
OK   0.38s conf=1.0 | I need to put the church dinner on the calendar -> File > New Event or Reminder
OK   0.37s conf=0.99 | make a separate calendar just for the grandkids birthdays -> File > New Calendar
OK   0.33s conf=0.38 | i want the holidays to show up -> File > New Holiday Calendar…
OK   0.40s conf=0.97 | put my month on paper so I can stick it on the fridge -> File > Print…
OK   0.30s conf=1.0 | pa-print ng calendar ko -> File > Print…
OK   0.34s conf=1.0 | undo that -> Edit > Undo
OK   0.49s conf=0.99 | i dragged the wrong appointment, put it back where it was -> Edit > Undo
OK   0.47s conf=0.99 | that appointment got cancelled, get rid of it -> Edit > Delete
OK   0.36s conf=0.92 | change the time of this appointment -> Edit > Edit Event
OK   0.39s conf=1.0 | make another one just like this appointment -> Edit > Duplicate
OK   0.39s conf=0.95 | let my husband see my calendar too -> Edit > Share Calendar…
OK   0.40s conf=0.66 | i dont want other people seeing my calendar anymore -> Edit > Stop Sharing…
OK   0.69s conf=0.77 | when is my dentist visit, i forgot -> Edit > Find
OK   0.68s conf=0.99 | show me just one day -> View > By Day
OK   0.99s conf=1.0 | what do I have going on this week -> View > By Week
OK   0.33s conf=1.0 | i want to see the whole month at once -> View > By Month
OK   0.46s conf=1.0 | patingin ng buong buwan -> View > By Month
OK   0.32s conf=1.0 | show me the whole year -> View > By Year
OK   0.28s conf=1.0 | take me back to today -> View > Go to Today
OK   0.46s conf=1.0 | balik sa araw ngayon -> View > Go to Today
OK   0.80s conf=1.0 | jump to christmas day -> View > Go to Date…
BAD  0.84s conf=0.77 | forward to the next one -> View > Go to Next Occurrence
OK   0.41s conf=0.93 | go back, show me before this -> View > Previous
OK   0.32s conf=0.91 | the boxes are too small to read -> View > Zoom In
OK   0.48s conf=0.98 | my list of calendars on the side disappeared -> View > Show Calendar List
BAD  0.31s conf=0.3 | someone invited me to something, where do i see it -> View > Refresh Calendars
OK   0.51s conf=0.69 | the appointment i added on my phone isnt showing up here -> View > Refresh Calendars
OK   0.55s conf=0.74 | make the calendar take up the whole screen -> View > Enter Full Screen
OK   0.46s conf=1.0 | they said they never got my invite, send it again -> Edit > Resend Invitations…
OK   0.51s conf=0.95 | save this appointment as a file I can email -> File > Export > Export Event…
OK   0.36s conf=0.99 | make a backup of everything in my calendar -> File > Export > Calendar Archive…
OK   0.34s conf=0.92 | open the calendar file someone emailed me -> File > Import…
OK   0.42s conf=0.75 | show me more about this appointment, like where and who -> Edit > Get Info
OK   0.31s conf=1.0 | i already did this one, check it off -> Edit > Mark as Completed
OK   0.27s conf=0.95 | show all my appointments in a plain list -> View > Show List View
OK   0.38s conf=1.0 | how long does it take to drive there, show it -> View > Show Travel Time
OK   0.31s conf=1.0 | pakita yung mga hindi ko tinanggap na invite -> View > Show Declined Events

Calendar: accuracy 36/38  median latency 0.39s
OK   0.82s conf=1.0 | make a new list of my favorite songs -> File > New Playlist
OK   0.37s conf=0.88 | put my song lists together in one group -> File > New Playlist Folder
OK   0.31s conf=1.0 | look for a song -> Edit > Search
OK   0.30s conf=0.99 | how do i find an old love song i remember from years ago -> Edit > Search
OK   0.43s conf=0.84 | only show the songs in this list that have rain in the name -> Edit > Filter
OK   0.29s conf=0.98 | the words are too small -> View > Zoom In
OK   0.31s conf=0.95 | everything is huge now, make it smaller -> View > Zoom Out
BAD  1.39s conf=0.66 | put the size back to how it was -> Window > Move & Resize > Return to Previous Size
OK   0.42s conf=0.99 | go back to the page I was just on -> View > Go Back
OK   0.44s conf=0.8 | make this fill the whole screen -> View > Enter Full Screen
OK   0.31s conf=0.9 | pause the music -> Playback > Play
OK   0.36s conf=0.99 | skip this song -> Playback > Next
OK   0.75s conf=0.43 | i want to hear that last song again -> Playback > Previous
OK   0.97s conf=1.0 | fast forward a little bit -> Playback > Seek Forward
OK   0.33s conf=0.99 | rewind a few seconds i missed that part -> Playback > Seek Backward
OK   0.45s conf=1.0 | mix up the order of the songs -> Playback > Shuffle
OK   0.34s conf=1.0 | keep playing this list over and over -> Playback > Repeat
OK   0.31s conf=0.99 | louder please -> Playback > Volume Up
OK   0.42s conf=0.96 | its too loud -> Playback > Volume Down
OK   0.36s conf=0.84 | i dont want my family to see what im listening to -> Spotify > Private Session
OK   0.43s conf=0.96 | I want to listen on the plane where there's no internet -> Spotify > Offline Mode
OK   0.31s conf=0.98 | sign out of my account on this computer -> Spotify > Log Out
OK   0.41s conf=0.99 | change how the app works -> Spotify > Settings…
OK   0.69s conf=1.0 | close spotify completely -> Spotify > Quit Spotify
OK   0.55s conf=0.96 | oops i removed that by mistake, bring it back -> Edit > Undo
OK   0.41s conf=0.98 | take this song out of my list -> Edit > Delete
OK   0.45s conf=1.0 | copy the link to this song so i can send it to my daughter -> Edit > Copy
BAD  0.47s conf=0.48 | the app is stuck and showing a blank screen -> Spotify > Quit Spotify
OK   0.35s conf=1.0 | i need help using this -> Help > Spotify Help
BAD  0.55s conf=0.57 | check how much i pay every month -> Spotify > Settings…
OK   0.52s conf=0.89 | make spotify go away for now but keep the music playing -> Spotify > Hide Spotify
OK   1.06s conf=0.99 | lakasan mo naman yung kanta -> Playback > Volume Up
OK   0.34s conf=1.0 | paano gumawa ng bagong playlist -> File > New Playlist
OK   0.37s conf=0.99 | ilipat mo sa susunod na kanta -> Playback > Next
OK   0.37s conf=1.0 | pa-shuffle naman ng mga kanta -> Playback > Shuffle

Spotify: accuracy 32/35  median latency 0.41s
OK   0.95s conf=1.0 | new sticky note -> File > New Note
OK   0.35s conf=1.0 | i need another little paper to jot something down -> File > New Note
OK   0.41s conf=1.0 | make this note pink -> Color > Pink
OK   0.52s conf=0.99 | change the note to blue -> Color > Blue
OK   0.33s conf=0.98 | gawing purple yung sticky ko -> Color > Purple
OK   0.30s conf=1.0 | paano ibalik sa yellow yung note -> Color > Yellow
OK   0.46s conf=0.98 | the words are too small to read -> Font > Bigger
OK   0.50s conf=0.97 | writing is huge, make it smaller -> Font > Smaller
OK   0.36s conf=0.85 | make it dark and thick so it stands out -> Font > Bold
OK   0.39s conf=0.99 | pa-bold naman nito -> Font > Bold
OK   0.42s conf=1.0 | slanty letters please -> Font > Italic
OK   0.52s conf=1.0 | put a line under these words -> Font > Underline
OK   0.71s conf=0.95 | cross this off i already did it -> Font > Strikethrough
OK   0.77s conf=1.0 | make this note green like a leaf -> Color > Green
OK   0.49s conf=0.96 | bring in some writing i saved in a text file -> File > Import Text…
BAD  0.35s conf=0.37 | tuck all my notes away into the dock -> Stickies > Hide Stickies
OK   0.31s conf=1.0 | pa-print naman ng note ko -> File > Print…
OK   0.40s conf=0.94 | save my note as a file on the computer -> File > Export Text…
OK   0.54s conf=0.93 | move all my stickies over into the notes app -> File > Export All to Notes…
OK   0.30s conf=1.0 | undo that -> Edit > Undo
OK   0.33s conf=1.0 | i deleted the wrong words, bring them back -> Edit > Undo
OK   0.44s conf=1.0 | copy this -> Edit > Copy
OK   0.40s conf=0.93 | paste it in but make it look like the rest of my note -> Edit > Paste and Match Style
OK   0.40s conf=1.0 | find a word in my note -> Edit > Find > Find…
OK   0.33s conf=0.52 | did i spell everything right -> Edit > Spelling and Grammar > Check Document Now
OK   0.53s conf=0.99 | read my note out loud to me -> Edit > Speech > Start Speaking
OK   0.41s conf=0.98 | ok stop talking -> Edit > Speech > Stop Speaking
OK   0.44s conf=1.0 | change the letter style to something nicer -> Font > Show Fonts
OK   0.48s conf=0.86 | i want the words in red -> Font > Show Colors
OK   0.66s conf=1.0 | sort my notes by their colour -> Window > Arrange By > Color
OK   0.55s conf=0.97 | put my notes in order by when i made them -> Window > Arrange By > Date
OK   1.56s conf=0.96 | close this note -> File > Close
OK   0.30s conf=0.74 | put a website link in my note -> Edit > Add Link...
OK   0.30s conf=0.99 | make it ALL CAPITAL LETTERS -> Edit > Transformations > Make Upper Case
OK   0.43s conf=0.93 | i want to talk instead of typing -> Edit > Start Dictation…

Stickies: accuracy 34/35  median latency 0.42s
OK   2.22s conf=0.93 | my computer is frozen, close this stuck program -> View > Quit Process
OK   0.39s conf=0.79 | force this app to stop it wont respond -> View > Quit Process
OK   0.29s conf=0.87 | look for a program in the list -> Edit > Find > Find…
OK   0.38s conf=0.91 | what's slowing down my computer, tell me more about this one -> View > Inspect Process
OK   0.34s conf=0.97 | only show my own stuff -> View > My Processes
OK   0.30s conf=0.86 | show everything that's running -> View > All Processes
OK   0.49s conf=0.63 | only show the apps i have open -> View > Windowed Processes
OK   0.40s conf=0.86 | what was i using today -> View > Applications in last 12 hours
OK   0.44s conf=0.97 | update the numbers faster -> View > Update Frequency > Very often (1 sec)
OK   0.38s conf=0.87 | it keeps jumping around, slow it down -> View > Update Frequency > Normally (5 sec)
OK   0.36s conf=0.82 | show how busy the computer is on the dock icon -> View > Dock Icon > Show CPU Usage
OK   1.55s conf=0.93 | put the normal app picture back on the dock -> View > Dock Icon > Show Application Icon
OK   0.40s conf=0.99 | print this list -> File > Print…
OK   0.73s conf=1.0 | pa-print naman -> File > Print…
OK   0.45s conf=0.99 | set up the paper size before printing -> File > Page Setup…
OK   0.34s conf=0.99 | which app is draining my battery -> View > Columns > Energy Impact
OK   0.90s conf=0.94 | add a column for how much memory -> View > Columns > Memory
OK   0.59s conf=0.95 | what is stopping my mac from going to sleep -> View > Columns > Preventing Sleep
OK   0.32s conf=0.9 | show which user is running it -> View > Columns > User
OK   0.36s conf=0.9 | how much internet data each one sends out -> View > Columns > Sent Bytes
OK   0.72s conf=0.99 | erase the cpu graph and start over -> View > Clear CPU History
BAD  0.64s conf=0.62 | apple support asked me to make a report of my mac -> File > Print…
OK   0.69s conf=0.95 | full screen -> View > Enter Full Screen
OK   0.48s conf=0.82 | close the window -> File > Close
OK   0.37s conf=0.99 | im done, quit this -> Activity Monitor > Quit Activity Monitor
OK   1.70s conf=0.88 | pakita lahat ng tumatakbo -> View > All Processes
OK   0.44s conf=0.71 | hide this app for now -> Activity Monitor > Hide Activity Monitor
OK   0.39s conf=0.95 | just show the ones that are doing something right now -> View > Active Processes
OK   1.51s conf=0.65 | show the ones using the graphics -> View > GPU Processes
OK   0.39s conf=0.81 | paano makita kung gaano kabigat sa memory -> View > Columns > Memory
OK   0.54s conf=0.94 | pa-minimize nga -> Window > Minimize

Activity Monitor: accuracy 30/31  median latency 0.44s
OK   0.69s conf=0.9 | my usb stick wont come out, how do i take it out safely -> File > Eject
OK   0.59s conf=0.97 | paano i-eject yung external drive ko -> File > Eject
OK   0.47s conf=1.0 | wipe this drive totally clean so i can start over -> Edit > Erase...
OK   0.39s conf=1.0 | paano burahin lahat ng laman ng usb bago ko ibigay -> Edit > Erase...
OK   0.38s conf=1.0 | the computer keeps saying my disk has a problem, can you fix it -> File > Run First Aid...
OK   0.33s conf=1.0 | ayusin mo yung disk ko may error daw -> File > Run First Aid...
OK   0.31s conf=0.99 | i want to split my hard drive into two separate parts -> Edit > Partition...
OK   0.43s conf=0.73 | change the name of my flash drive -> File > Rename
OK   0.38s conf=0.92 | how much room is left on this disk -> File > Get Info
OK   0.39s conf=0.98 | where is this drive in my folders -> File > Show in Finder
OK   0.39s conf=0.87 | i want to pack a whole folder into one of those dmg files -> File > New Image > Image from Folder...
OK   0.49s conf=1.0 | open that dmg thing i downloaded -> File > Open Disk Image…
OK   0.50s conf=0.97 | my drive has a lock on it and i want a different code -> File > Change Password...
OK   0.72s conf=0.98 | copy everything from my old disk onto the new one -> Edit > Restore...
OK   0.39s conf=0.97 | i plugged in my usb but i cant see it in the list -> View > Show All Devices
OK   1.45s conf=0.98 | undo that -> Edit > Undo
OK   0.36s conf=0.85 | close this window -> File > Close
OK   0.42s conf=0.85 | make this fill up my whole screen -> View > Enter Full Screen
OK   0.42s conf=1.0 | hide the list down the left side -> View > Hide Sidebar
OK   0.38s conf=0.99 | im done, close the whole program -> Disk Utility > Quit Disk Utility
OK   0.43s conf=1.0 | make an empty disk image to keep stuff in -> File > New Image > Blank Image...
OK   0.37s conf=0.67 | gawa ka ng bagong volume sa drive ko -> Edit > Add APFS Volume…
OK   0.33s conf=0.86 | remove that extra volume i made by mistake -> Edit > Delete APFS Volume…
OK   0.45s conf=0.81 | change my old drive to the newer apple format -> Edit > Convert to APFS…
OK   0.32s conf=0.71 | the disk image ran out of room make it bigger -> Images > Resize...
OK   0.31s conf=0.89 | turn this disk image into a different kind of file -> Images > Convert...
OK   0.46s conf=0.96 | i want two drives working together like they were one big one -> File > RAID Assistant...
OK   0.40s conf=0.72 | stop using the drive but leave it plugged in -> File > Unmount
OK   0.86s conf=1.0 | i dont know how this program works, where are the instructions -> Help > Disk Utility Help
OK   0.39s conf=1.0 | show me the saved snapshots of my drive -> View > Show APFS Snapshots
OK   2.61s conf=0.78 | put this window down in the dock for now -> Window > Minimize
OK   0.40s conf=0.89 | hide this app for a bit -> Disk Utility > Hide Disk Utility
OK   0.32s conf=0.99 | put the window in the middle of the screen -> Window > Center
OK   1.32s conf=0.99 | move the window over to the right half -> Window > Move & Resize > Right
OK   0.44s conf=0.95 | only show me the volumes not the whole disks -> View > Show Only Volumes

Disk Utility: accuracy 35/35  median latency 0.40s
OK   2.06s conf=1.0 | I need the calculator with more buttons like sin and square root -> View > Scientific
OK   0.28s conf=1.0 | go back to the simple calculator -> View > Basic
OK   0.33s conf=0.99 | change inches to centimeters -> View > Convert
OK   0.30s conf=0.94 | show me what I added up before -> View > Show History
OK   0.28s conf=0.98 | I want to see my old calculations -> View > Show History
OK   0.44s conf=1.0 | copy the answer so I can put it in an email -> Edit > Copy
OK   0.47s conf=1.0 | put the number I copied in here -> Edit > Paste
OK   0.35s conf=1.0 | undo that -> Edit > Undo
OK   1.37s conf=1.0 | I pressed the wrong button bring it back -> Edit > Undo
OK   0.40s conf=0.98 | never mind, put it back the way it was before i undid it -> Edit > Redo
BAD  1.19s conf=0.61 | erase the last number I typed -> Edit > Undo
OK   0.43s conf=1.0 | only show 2 numbers after the dot, like money -> View > Decimal Places > 2
OK   0.33s conf=1.0 | no decimals please just whole numbers -> View > Decimal Places > 0
OK   0.41s conf=0.99 | I want 4 numbers after the decimal point -> View > Decimal Places > 4
OK   1.34s conf=1.0 | just one number after the point is enough -> View > Decimal Places > 1
OK   0.33s conf=0.99 | the commas in the big numbers are confusing, take them out -> View > Hide Thousands Separator
OK   0.43s conf=0.66 | make it big, fill up the whole screen -> View > Enter Full Screen
BAD  0.32s conf=0.61 | the calculator is too small to see -> Window > Zoom
OK   0.43s conf=0.92 | I want to write my math out like in a notebook -> View > Math Notes…
OK   0.29s conf=0.99 | my grandson says I need the one for binary and hex numbers -> View > Programmer
OK   0.88s conf=0.97 | the old style where you put the numbers first and then the plus -> View > RPN Mode
OK   0.51s conf=0.95 | close the calculator -> Calculator > Quit Calculator
OK   0.39s conf=0.98 | im done, turn off calculator -> Calculator > Quit Calculator
BAD  0.49s conf=0.62 | put the calculator away down below for now -> Calculator > Hide Calculator
OK   0.37s conf=0.93 | hide the calculator -> Calculator > Hide Calculator
OK   0.42s conf=0.94 | close this window -> Window > Close
OK   1.42s conf=0.99 | how do I use this thing -> Help > Calculator Help
OK   0.36s conf=0.97 | paano mag convert ng fahrenheit to celsius dito -> View > Convert
OK   0.41s conf=0.98 | gusto ko yung calculator na may square root -> View > Scientific
OK   0.36s conf=1.0 | balik sa simple na calculator -> View > Basic
OK   0.39s conf=1.0 | copy yung sagot -> Edit > Copy
OK   0.36s conf=1.0 | select everything I typed -> Edit > Select All
OK   1.31s conf=0.99 | put the calculator on the left side of the screen -> Window > Move & Resize > Left
OK   0.76s conf=0.98 | put the calculator in the middle of the screen -> Window > Center
OK   0.30s conf=0.93 | bring the window back to how big it was before -> Window > Move & Resize > Return to Previous Size

Calculator: accuracy 32/35  median latency 0.41s
OK   0.85s conf=0.97 | make the map bigger I can't see the streets -> View > Zoom In
OK   0.36s conf=0.99 | zoom out so I can see the whole town -> View > Zoom Out
OK   0.42s conf=1.0 | where am i right now -> View > Go to Current Location
OK   0.36s conf=1.0 | show me how to get there -> View > Show Directions
OK   0.44s conf=0.98 | I want to see the real photos from up in the sky -> View > Satellite
OK   0.34s conf=0.99 | show me the bus and train routes -> View > Transit
OK   0.34s conf=1.0 | is there a lot of cars on the highway right now -> View > Show Traffic
OK   0.40s conf=1.0 | the map is turned sideways, put it back the right way up -> View > Snap to North
OK   0.40s conf=0.99 | I want to see the street like I'm standing there -> View > Show Look Around
OK   0.34s conf=0.98 | show the buildings popping up, not flat -> View > Show 3D Map
OK   0.53s conf=0.98 | the street names disappeared -> View > Show Labels
OK   0.42s conf=0.81 | put the map back to the normal size -> View > Default Zoom
OK   0.39s conf=0.74 | show me the map for driving with all the roads -> View > Driving
OK   1.09s conf=0.95 | send this place to my son -> File > Share
OK   0.29s conf=0.92 | print the map so I can take it with me -> File > Print…
BAD  1.08s conf=0.43 | save the map as a pdf on my computer -> File > Print…
OK   0.30s conf=0.93 | open another map in a second window -> File > New Window
OK   0.42s conf=0.88 | copy the link to this place so i can paste it in a message -> Edit > Copy Link
OK   0.33s conf=0.98 | drop a pin here so I remember the spot -> Edit > Mark Location
OK   0.40s conf=0.9 | take away the pin I put on the map -> Edit > Remove Marked Location
OK   0.31s conf=0.96 | I don't need to stop there anymore, take it off my trip -> Edit > Delete Stop
OK   0.46s conf=0.42 | look for a pharmacy near here -> Edit > Find
OK   0.33s conf=1.0 | undo that i clicked the wrong thing -> Edit > Undo
OK   0.49s conf=0.99 | read the directions out loud to me -> Edit > Speech > Start Speaking
OK   1.02s conf=0.99 | stop talking -> Edit > Speech > Stop Speaking
OK   0.62s conf=1.0 | I want to see the little ruler that shows how far things are -> View > Show Scale
OK   1.48s conf=0.83 | make it take up the whole screen -> View > Enter Full Screen
OK   1.34s conf=1.0 | the side list with my saved places is gone -> View > Show Sidebar
OK   1.32s conf=0.93 | something on the map is wrong, that store closed years ago -> Maps > Report an Issue…
OK   0.36s conf=0.94 | my street isnt even on the map -> Maps > Report Something Missing…
OK   1.48s conf=1.0 | paano makita yung traffic sa daan -> View > Show Traffic
OK   0.32s conf=0.98 | pa-zoom in naman, ang liit ng mapa -> View > Zoom In
OK   0.46s conf=0.65 | asan na ako ngayon sa mapa -> View > Go to Current Location
OK   0.30s conf=0.99 | close maps -> Maps > Quit Maps
OK   0.39s conf=0.65 | put the window down out of the way for now -> Window > Minimize

Maps: accuracy 34/35  median latency 0.40s
OK   0.76s conf=0.99 | play the song -> Controls > Play
OK   0.47s conf=0.99 | make it quieter please -> Controls > Decrease Volume
OK   0.78s conf=0.93 | i cant hear the music turn it up -> Controls > Increase Volume
OK   0.55s conf=0.97 | skip this song i dont like it -> Controls > Next Track
OK   0.50s conf=0.99 | go back to the song before this one -> Controls > Previous Track
OK   0.47s conf=0.96 | stop the music -> Controls > Stop
OK   1.07s conf=0.57 | play my songs mixed up in any order -> Controls > Shuffle > On
OK   0.47s conf=0.99 | I want the same song to keep playing over and over again -> Controls > Repeat > One
OK   1.54s conf=0.47 | ulitin lahat ng kanta pag tapos na -> Controls > Repeat > All
OK   0.80s conf=1.0 | patayin yung shuffle, gusto ko in order -> Controls > Shuffle > Off
OK   0.37s conf=0.99 | make a new list of my favorite songs -> File > New > Playlist
OK   0.75s conf=0.98 | put the songs I picked into their own list -> File > New > Playlist from Selection
OK   0.32s conf=1.0 | I have some songs saved on my computer, how do I put them in here -> File > Import…
OK   0.42s conf=0.99 | where is this song file on my computer -> File > Show in Finder
OK   0.80s conf=1.0 | I want to put these songs on a cd for the car -> File > Burn Playlist to Disc…
OK   0.33s conf=0.91 | print out a list of my songs -> File > Print…
OK   0.38s conf=0.8 | I think I have the same song in here twice -> File > Library > Show Duplicate Items
OK   0.59s conf=1.0 | the album pictures are missing, its just blank squares -> File > Library > Get Album Artwork
OK   0.43s conf=0.93 | play this one right after the song thats on now -> Song > Play Next
OK   0.35s conf=1.0 | save this song so I can listen without internet -> Song > Download
OK   0.60s conf=0.99 | take this song out of the list but dont erase it -> Song > Remove from Playlist
OK   0.93s conf=0.99 | get rid of this song completely -> Song > Delete from Library
OK   2.39s conf=0.86 | who sings this and what album is it from -> Song > Get Info…
OK   0.44s conf=1.0 | I want to see the words to the song -> View > Show Lyrics
OK   0.33s conf=0.99 | whats going to play after this -> View > Show Playing Next
OK   0.39s conf=0.92 | make the music take up the whole screen -> View > Enter Full Screen
OK   1.22s conf=1.0 | oops undo that -> Edit > Undo
OK   0.35s conf=1.0 | close the music app -> Music > Quit Music
OK   0.42s conf=0.99 | make a radio station of songs like this one -> Song > Create Station
OK   0.33s conf=0.96 | I lost track of the song that's playing, take me back to it -> Controls > Go to Current Song
OK   0.31s conf=0.94 | pakilakasan ng todo yung volume -> Controls > Set Volume to Maximum
OK   0.52s conf=1.0 | where are all the songs I bought before -> Account > Purchased

Music: accuracy 32/32  median latency 0.47s
OK   0.89s conf=0.99 | highlight this sentence in yellow -> Edit > Highlight > Yellow
OK   0.39s conf=0.95 | mark this part green so I find it later -> Edit > Highlight > Green
OK   0.39s conf=0.99 | save my page so I can come back to it -> Edit > Bookmark Page
OK   0.40s conf=1.0 | I want to write a little note about this paragraph -> Edit > Highlight > Add Note
OK   0.33s conf=0.99 | take off the coloring I put on this -> Edit > Highlight > Remove
OK   0.30s conf=0.99 | draw a line under this sentence -> Edit > Highlight > Underline
OK   0.45s conf=1.0 | look for a word in the book -> Edit > Find > Find…
OK   0.34s conf=0.99 | read the book out loud to me -> Edit > Speech > Start Speaking
OK   0.46s conf=0.89 | stop reading out loud -> Edit > Speech > Stop Speaking
OK   0.51s conf=1.0 | hold on, pause the audiobook -> Controls > Pause
BAD  0.37s conf=0.63 | go back a little i missed what he said -> Controls > Back
OK   0.38s conf=0.91 | skip ahead a bit -> Controls > Skip Forward
OK   0.30s conf=0.97 | the narrator talks too fast -> Controls > Playback Speed > 0.75x
OK   0.53s conf=0.91 | speed up the reading a little -> Controls > Playback Speed > 1.25x
OK   1.47s conf=1.0 | back to normal speed -> Controls > Playback Speed > 1x
OK   0.59s conf=1.0 | stop playing after half an hour so I can fall asleep -> Controls > Sleep Timer > 30 minutes
OK   0.33s conf=0.98 | turn it off when this chapter is done -> Controls > Sleep Timer > When current chapter ends
OK   1.39s conf=1.0 | go on to the next chapter -> Controls > Next Chapter
OK   0.38s conf=0.99 | go to the start of this chapter again -> Controls > Beginning of Chapter
OK   0.34s conf=1.0 | louder please -> Controls > Increase Volume
OK   0.32s conf=0.94 | its too loud -> Controls > Decrease Volume
OK   0.51s conf=0.96 | open the book I picked -> File > Open Book
OK   0.41s conf=0.78 | put my pdf from the computer into my books -> File > Import…
OK   0.56s conf=0.99 | make a new shelf for my cooking books -> File > New Collection
OK   1.43s conf=0.96 | show my books as a list instead of pictures -> View > List
OK   1.52s conf=0.93 | show the book covers in rows -> View > Grid
BAD  0.42s conf=0.59 | put the books in order by who wrote them -> View > Sort By
BAD  0.52s conf=0.87 | sort by the name of the book -> View > Sort By
OK   0.35s conf=0.85 | make it fill the whole screen -> View > Enter Full Screen
OK   0.36s conf=1.0 | copy this paragraph -> Edit > Copy
OK   0.34s conf=1.0 | pa-highlight nito ng yellow -> Edit > Highlight > Yellow
OK   1.64s conf=0.98 | pabagalin yung nagbabasa -> Controls > Playback Speed > 0.75x
OK   0.36s conf=1.0 | patayin after 15 minutes, matutulog na ako -> Controls > Sleep Timer > 15 minutes
OK   0.39s conf=0.99 | basahin mo nga ito out loud -> Edit > Speech > Start Speaking
OK   1.43s conf=0.88 | close the book -> File > Close

Books: accuracy 32/35  median latency 0.40s
OK   0.76s conf=1.0 | add a new person to my address book -> File > New Card
OK   0.33s conf=0.93 | i want to make a list just for my family members -> File > New Group
OK   0.45s conf=0.6 | pa-save naman -> File > Save
OK   0.33s conf=1.0 | bring in the contacts from my old phone file -> File > Import…
OK   0.27s conf=0.74 | send someone's details as a card file -> File > Export > Export vCard…
OK   0.43s conf=0.93 | make a backup of all my people in case something happens -> File > Export > Contacts Archive…
OK   0.34s conf=0.94 | I want my phone list on paper -> File > Print…
OK   0.29s conf=0.58 | save it as pdf -> File > Export as PDF…
OK   0.49s conf=1.0 | undo that i deleted the wrong thing -> Edit > Undo
OK   0.43s conf=0.99 | remove this person completely -> Edit > Delete
OK   0.43s conf=0.82 | take her out of the family group but dont erase her -> Edit > Remove From List
OK   1.40s conf=0.93 | look up my dentist's number -> Edit > Find > Find
OK   1.39s conf=0.92 | their phone number changed, i need to fix it -> Edit > Edit Card
OK   1.33s conf=1.0 | change the name of my group -> Edit > Rename Group
OK   0.41s conf=0.97 | I think I have the same person in here twice -> Card > Look for Duplicates…
OK   0.41s conf=0.97 | combine these two into one -> Card > Merge Selected Cards 
OK   0.38s conf=0.99 | add their birthday so i dont forget -> Card > Add Field > Birthday
OK   0.33s conf=0.99 | i need to put a second phone number -> Card > Add Field > Phone
OK   0.84s conf=0.99 | where do i put their email adress -> Card > Add Field > Email
OK   0.45s conf=0.99 | add a home address -> Card > Add Field > Address
OK   0.52s conf=1.0 | we call him lolo, how do i add that -> Card > Add Field > Nickname
OK   0.56s conf=1.0 | this is a business not a person -> Card > Mark as a Company
OK   0.71s conf=0.99 | put a photo on her contact -> Card > Choose Custom Image…
OK   1.18s conf=0.99 | take off the picture on this one -> Card > Clear Custom Image
OK   1.44s conf=0.97 | this one is me -> Card > Make This My Card
OK   0.35s conf=1.0 | show my own info -> Card > Go to My Card
OK   0.29s conf=1.0 | email my details to someone -> Card > Share My Card > Email My Card
OK   0.29s conf=1.0 | text my number to my neighbor -> Card > Share My Card > Message My Card
OK   0.41s conf=1.0 | next person -> Card > Go to Next Card
OK   0.33s conf=0.5 | go back to the one before -> Card > Go to Previous Card
OK   1.01s conf=0.99 | paano mag-dagdag ng job title -> Card > Add Field > Job Title
OK   1.35s conf=1.0 | open this person in its own window -> Card > Open in Separate Window
OK   0.48s conf=0.98 | pakitago yung groups sa gilid -> View > Hide Groups
OK   0.29s conf=0.74 | make it fill the whole screen -> View > Enter Full Screen
BAD  0.32s conf=0.66 | pa-close na nito -> Contacts > Quit Contacts

Contacts: accuracy 34/35  median latency 0.43s
OK   0.88s conf=0.99 | remind me to take my pills -> File > New Reminder
OK   0.36s conf=0.99 | add something to my to do list -> File > New Reminder
OK   0.64s conf=1.0 | start a separate list for groceries -> File > New List
OK   0.34s conf=0.99 | paano gumawa ng bagong listahan -> File > New List
OK   0.35s conf=1.0 | check this off, i did it -> Edit > Mark as Completed
OK   0.44s conf=0.37 | tapos na to, pa-check -> Edit > Mark as Completed
OK   0.51s conf=0.97 | get rid of this one -> Edit > Delete
OK   0.48s conf=1.0 | undo that -> Edit > Undo
OK   0.38s conf=0.89 | i ticked the wrong one by accident, put it back -> Edit > Undo
OK   0.76s conf=0.95 | I need to do this one today -> Edit > Mark Due Date As > Today
OK   0.43s conf=1.0 | push this to tomorrow -> Edit > Mark Due Date As > Tomorrow
OK   0.84s conf=1.0 | ill do it saturday or sunday -> Edit > Mark Due Date As > This Weekend
OK   0.37s conf=1.0 | not this week, move it to next week -> Edit > Mark Due Date As > Next Week
OK   0.42s conf=0.76 | i missed a bunch, move all the late ones to today -> Edit > Mark Due Date As > Mark All Overdue to Today
OK   0.54s conf=0.51 | this one is really important -> Edit > Priority > High
OK   0.47s conf=0.96 | lagyan mo ng high priority to -> Edit > Priority > High
OK   0.37s conf=0.81 | put a little marker on this so I notice it -> Edit > Flag
BAD  0.45s conf=0.54 | this cant wait, i need an alarm that really gets my attention -> Edit > Priority > High
OK   0.46s conf=0.92 | let my son see and add to my shopping list -> File > Share List
OK   0.28s conf=0.77 | keep this list up top where i can find it -> File > Pin List
OK   0.32s conf=0.96 | make this a smaller step under the one above it -> Edit > Indent Reminder
OK   0.33s conf=0.92 | where is the one about the electric bill -> Edit > Find
OK   1.52s conf=1.0 | put my list on paper to take to the store -> File > Print…
OK   0.52s conf=1.0 | pa-print ng listahan ko -> File > Print…
OK   0.80s conf=0.82 | what do i need to do today -> View > Show Smart List > Today
OK   1.53s conf=0.72 | show me everything I have to do, all of it -> View > Show Smart List > All
BAD  0.80s conf=0.53 | show me the ones i already finished -> View > Show Completed
OK   0.32s conf=0.93 | show just the ones i marked to notice -> View > Show Smart List > Flagged
OK   0.30s conf=0.69 | whats coming up and on which days -> View > Show Smart List > Scheduled
OK   0.37s conf=0.38 | split my grocery list into parts like fruit and dairy -> File > New Section
OK   0.95s conf=0.7 | sort my grocery items into groups for me automatically -> File > Auto-Categorize
OK   0.41s conf=1.0 | the lists on the left side disappeared -> View > Show Sidebar
OK   1.85s conf=0.99 | read this out loud for me -> Edit > Speech > Start Speaking
OK   0.36s conf=0.99 | i'd rather talk than type -> Edit > Start Dictation…
OK   0.52s conf=0.95 | give this chore to someone else on the shared list -> Edit > Assign
OK   0.38s conf=0.67 | save this list so I can use it again every week -> File > Save as Template…
OK   0.64s conf=0.82 | make it fill the whole screen -> View > Enter Full Screen

Reminders: accuracy 35/37  median latency 0.45s
OK   0.96s conf=1.0 | i want a blank page to jot something down -> File > New Note
OK   0.33s conf=1.0 | start a new note for my grocery stuff -> File > New Note
OK   0.46s conf=0.94 | make a place to keep all my recipe notes together -> File > New Folder
OK   0.31s conf=0.95 | keep this one at the top so I always see it first -> File > Pin Note
OK   0.31s conf=0.99 | put a password on this so nobody can read it -> File > Lock Note
OK   0.41s conf=0.78 | turn this into a pdf so I can send it -> File > Export as > PDF
OK   0.33s conf=0.99 | pa-print naman ng note na to -> File > Print…
OK   0.29s conf=1.0 | undo that -> Edit > Undo
OK   0.49s conf=0.97 | oops i erased my words bring them back -> Edit > Undo
OK   0.52s conf=0.74 | get rid of this -> Edit > Delete
OK   0.41s conf=0.78 | put a picture from my computer into this note -> Edit > Attach File…
OK   0.34s conf=0.98 | I want to save a voice message of me talking in here -> Edit > Record Audio…
OK   0.45s conf=0.72 | wheres the note I wrote about the plumber -> Edit > Find > Note List Search…
OK   0.80s conf=0.98 | look for a word in this note -> Edit > Find > Find…
OK   0.45s conf=1.0 | make a list with little boxes i can tick off -> Format > Checklist
OK   0.41s conf=0.79 | how do i make a list with dots -> Format > Bulleted List
OK   0.32s conf=1.0 | number these lines 1 2 3 -> Format > Numbered List
BAD  0.63s conf=0.61 | make this top line big like a heading on a newspaper -> Format > Heading
OK   0.72s conf=0.98 | make the words thick and dark -> Format > Font > Bold
OK   0.37s conf=0.96 | cross out this item but keep it there -> Format > Font > Strikethrough
OK   0.49s conf=0.88 | make the letters bigger -> Format > Font > Bigger
OK   0.34s conf=0.92 | letters too big pls make smaller -> Format > Font > Smaller
OK   0.41s conf=0.55 | put in a chart with rows and columns -> Format > Table
OK   0.39s conf=0.93 | I bought the milk, tick it off -> Format > Mark as Checked
OK   0.78s conf=1.0 | move the done ones to the bottom of the list -> Format > More > Move Checked to Bottom
OK   0.49s conf=0.96 | push this line in a little from the edge -> Format > Indentation > Increase
OK   1.25s conf=1.0 | read my note out loud to me -> Edit > Speech > Start Speaking
OK   0.53s conf=1.0 | can i just talk and it types for me -> Edit > Start Dictation…
OK   1.20s conf=0.7 | check my spelling -> Edit > Spelling and Grammar > Check Document Now
OK   0.38s conf=1.0 | paano maglagay ng emoji dito -> Edit > Emoji & Symbols
OK   0.35s conf=0.72 | everything is too small to read on the screen -> View > Zoom In
OK   0.37s conf=1.0 | show my notes as little pictures instead of a list -> View > as Gallery
OK   0.38s conf=1.0 | put the newest notes up top -> View > Sort By > Newest First
OK   0.33s conf=0.93 | show me all the photos and files I put in my notes -> View > Show Attachments Browser
OK   3.43s conf=0.97 | I want a second copy of this same note -> File > Duplicate Note
OK   0.46s conf=0.85 | gawin mong summary ito, ang haba -> Edit > Writing Tools > Summarize
OK   0.34s conf=0.99 | put the words in the middle -> Format > Text > Center
BAD  0.41s conf=0.72 | pa-check ng spelling at grammar ko -> Edit > Spelling and Grammar > Check Grammar With Spelling

Notes: accuracy 36/38  median latency 0.41s
OK   0.73s conf=1.0 | add a new font i downloaded -> File > Add Fonts to Current User…
OK   0.39s conf=0.97 | i have two of the same font -> File > Resolve Duplicates…
OK   0.34s conf=0.79 | check if this font is broken -> File > Validate Selection
OK   0.43s conf=0.93 | make sure a font file is ok before i put it on -> File > Validate File…
OK   0.33s conf=0.99 | where is this font saved on my computer -> File > Show in Finder
OK   0.30s conf=0.93 | print a sample of the letters -> File > Print…
OK   0.32s conf=0.89 | make a folder to keep my favorite fonts together -> File > New Collection
OK   0.44s conf=0.63 | look for a font called something like script -> File > Find…
BAD  0.48s conf=0.46 | copy the font out so i can give it to my friend -> File > Show in Finder
OK   0.46s conf=0.48 | get rid of this font -> Edit > Delete
OK   0.41s conf=0.99 | turn this font off for now but dont delete it -> Edit > Deactivate
OK   0.39s conf=0.93 | turn the font back on -> Edit > Activate
BAD  0.53s conf=0.67 | this font is greyed out, i want to get it -> Edit > Activate
OK   0.37s conf=0.99 | ibalik sa dati yung sample text -> Edit > Reset Custom Text
OK   2.13s conf=0.92 | make the sample letters bigger -> View > Increase Font Size
OK   0.47s conf=1.0 | too big, smaller pls -> View > Decrease Font Size
OK   0.30s conf=0.94 | show me all the fonts as little squares -> View > View as Grid
OK   0.47s conf=1.0 | show them as a plain list -> View > View as List
OK   0.35s conf=0.94 | show me what a sentence looks like in each font -> View > View as Samples
OK   0.38s conf=0.96 | next font -> View > Next Typeface
OK   0.33s conf=0.41 | show me the bold one and the other versions of this font -> View > Next Style
OK   0.33s conf=0.93 | who made this font, show me the details -> View > Show Info Pane
OK   0.48s conf=0.97 | go back -> View > Back
OK   0.44s conf=1.0 | the list on the left side disappeared -> View > Show Sidebar
OK   0.46s conf=0.95 | full screen pls -> View > Enter Full Screen
OK   1.45s conf=0.99 | open another window -> File > New Window
OK   1.77s conf=1.0 | pano magdagdag ng font -> File > Add Fonts to Current User…
OK   0.29s conf=0.93 | pa-print ng font sample -> File > Print…
BAD  0.30s conf=0.57 | close this -> Font Book > Quit Font Book
OK   0.29s conf=1.0 | im done, shut the whole thing down -> Font Book > Quit Font Book
OK   0.44s conf=1.0 | select every font -> Edit > Select All
OK   3.51s conf=0.94 | paano i-off yung font na to -> Edit > Deactivate
OK   0.54s conf=0.97 | put this window on the left half of the screen -> Window > Move & Resize > Left
OK   1.27s conf=0.92 | too many windows, put them all in one -> Window > Merge All Windows
OK   0.49s conf=0.86 | shrink this window down to the dock -> Window > Minimize

Font Book: accuracy 32/35  median latency 0.44s
OK   1.61s conf=1.0 | I have a movie saved on my computer and want to watch it -> File > Open File...
OK   0.48s conf=0.99 | play the dvd i just put in -> File > Open Disc...
OK   0.31s conf=1.0 | watch a video from a link someone sent me -> File > Open Network...
OK   0.39s conf=0.74 | pause it -> Playback > Play
OK   0.34s conf=1.0 | stop the video -> Playback > Stop
OK   1.60s conf=1.0 | skip to the next one -> Playback > Next
OK   0.50s conf=0.92 | go back to the video before this -> Playback > Previous
OK   0.37s conf=1.0 | i want to jump straight to the 45 minute mark -> Playback > Jump to Time
OK   0.75s conf=0.97 | play my songs in a mixed up order -> Playback > Random
OK   0.44s conf=0.97 | keep playing this same song over and over -> Playback > Repeat One
OK   1.62s conf=1.0 | make it louder -> Audio > Increase Volume
OK   0.32s conf=1.0 | its too loud turn it down pls -> Audio > Decrease Volume
OK   0.45s conf=1.0 | turn off the sound for a sec, the phone is ringing -> Audio > Mute
OK   0.38s conf=0.96 | make the video take up the whole screen -> Video > Fullscreen
OK   0.38s conf=1.0 | take a picture of this scene -> Video > Snapshot
OK   0.31s conf=0.99 | keep the video on top of my other windows while I work -> Video > Float on Top
OK   0.42s conf=0.98 | the video window is tiny, make it twice as big -> Video > Double Size
OK   0.40s conf=0.96 | I downloaded a separate file with the words for this movie -> Subtitles > Add Subtitle File...
OK   1.63s conf=0.54 | the words at the bottom are too small to read -> Subtitles > Text Size > Larger
OK   0.41s conf=0.99 | can the words at the bottom be yellow -> Subtitles > Text Color > Yellow
OK   1.16s conf=0.96 | the video is way too big, make it half as big -> Video > Half Size
OK   0.38s conf=0.94 | put the video back to its normal size -> Video > Normal Size
OK   0.33s conf=0.98 | when the list ends start it all again from the top -> Playback > Repeat All
OK   1.37s conf=0.99 | change this video so it plays on my tablet -> File > Convert / Stream...
OK   0.39s conf=0.98 | where is this video saved on my computer -> File > Reveal in Finder
OK   0.76s conf=0.99 | keep my list of videos so i can play them again another day -> File > Save Playlist...
OK   0.85s conf=0.94 | record what's playing right now -> Playback > Record
OK   0.34s conf=1.0 | move ahead just one frame at a time -> Playback > Step Forward
OK   0.70s conf=0.98 | paano i-loop yung isang part lang ng video -> Playback > A→B Loop
OK   0.34s conf=1.0 | lakasan mo naman yung tunog -> Audio > Increase Volume
OK   0.46s conf=0.98 | close the program by itself when this movie ends -> Playback > Quit after Playback
OK   0.34s conf=0.7 | where do i get help using this player -> Help > VLC media player Help...
OK   0.42s conf=0.92 | i want to change how the player works -> VLC > Settings…
OK   1.35s conf=0.77 | ilagay mo sakto sa laki ng screen -> Video > Fit to Screen
OK   0.36s conf=1.0 | paano mag screenshot ng video na to -> Video > Snapshot

VLC: accuracy 35/35  median latency 0.42s
OK   0.66s conf=0.98 | make the letters bigger -> View > Bigger
OK   0.56s conf=0.91 | paano gawing mas malaki yung font dito -> View > Bigger
OK   0.45s conf=0.98 | the writing is too big now, shrink it -> View > Smaller
OK   0.38s conf=0.95 | put the text size back to how it was normally -> View > Default Font Size
OK   0.41s conf=0.96 | open another one of these windows -> Shell > New Window > Basic
OK   1.43s conf=0.98 | i want another tab like in my internet browser -> Shell > New Tab > Basic
OK   0.52s conf=0.82 | clear all this text off the screen -> Edit > Clear Screen
OK   0.41s conf=0.93 | pa-clear naman ng screen ang gulo na -> Edit > Clear Screen
OK   0.37s conf=0.56 | erase everything even the stuff way up above -> Edit > Clear Scrollback
OK   0.40s conf=1.0 | copy this -> Edit > Copy
OK   0.87s conf=0.89 | put in what i copied -> Edit > Paste
OK   0.46s conf=1.0 | highlight everything -> Edit > Select All
OK   0.38s conf=1.0 | look for a word in all this text -> Edit > Find > Find…
OK   0.39s conf=0.87 | print all of this out on paper -> Shell > Print…
OK   0.35s conf=0.84 | only print the part i highlighted -> Shell > Print Selection…
OK   0.31s conf=0.65 | save all this text into a file so i can send it to tech support -> Shell > Export Text As…
OK   0.40s conf=0.84 | close this window -> Shell > Close Window
BAD  0.32s conf=0.65 | the black background hurts my eyes can i change the colour -> Terminal > Settings…
BAD  0.44s conf=0.37 | i want green writing on black like the movies -> Shell > New Window > Grass
OK   0.32s conf=0.93 | take me up to the very top -> View > Scroll to Top
OK   0.53s conf=1.0 | jump down to the bottom where i type -> View > Scroll to Bottom
OK   0.33s conf=0.99 | split the window in two so i can see both -> View > Split Pane
OK   0.41s conf=0.92 | get rid of the split, one window is enough -> View > Close Split Pane
BAD  0.33s conf=0.47 | fill up the whole screen with this -> Edit > Fill Screen
OK   0.49s conf=1.0 | go to the next tab -> Window > Show Next Tab
OK   0.57s conf=0.97 | lipat sa naunang tab -> Window > Show Previous Tab
OK   0.47s conf=0.99 | put all my terminal windows together into one with tabs -> Window > Merge All Windows
OK   1.54s conf=1.0 | pull this tab out into its own window -> Window > Move Tab to New Window
BAD  0.34s conf=0.39 | its showing weird garbled letters and wont act right, start it fresh -> Terminal > Quit Terminal
OK   1.33s conf=0.99 | change the name on top of the window -> Shell > Edit Title
OK   3.69s conf=1.0 | open the preferences -> Terminal > Settings…
OK   0.43s conf=0.9 | im done close terminal -> Terminal > Quit Terminal
OK   0.35s conf=0.96 | undo that -> Edit > Undo
OK   0.69s conf=0.99 | how does this thing work, i need help -> Help > Terminal Help
OK   1.37s conf=0.99 | i dont want other programs seeing what i type in here -> Terminal > Secure Keyboard Entry

Terminal: accuracy 31/35  median latency 0.43s
OK   0.57s conf=0.94 | make the letters bigger -> Format > Font > Bigger
OK   0.50s conf=0.61 | paki-laki naman ng text, di ko mabasa -> Format > Font > Bigger
OK   0.62s conf=0.93 | the words are way too big, shrink them down a bit -> Format > Font > Smaller
OK   0.36s conf=1.0 | undo that -> Edit > Undo Typing
OK   0.33s conf=0.98 | I typed the wrong thing and want it back how it was -> Edit > Undo Typing
OK   0.47s conf=1.0 | start a fresh blank page -> File > New
OK   0.32s conf=0.92 | i want to keep this so i dont lose it -> File > Save…
OK   0.31s conf=1.0 | put this letter on paper -> File > Print…
OK   0.79s conf=1.0 | pa-print naman nito -> File > Print…
OK   0.79s conf=0.93 | keep the old one but make a second version with a different name -> File > Save As…
OK   1.50s conf=0.7 | turn this into one of those pdf files so I can email it -> File > Export as PDF…
OK   0.41s conf=1.0 | open the letter i wrote last week -> File > Open…
BAD  0.57s conf=0.73 | give this file a different name -> File > Save As…
OK   0.31s conf=0.9 | I'm done with this one, close it -> File > Close
OK   0.48s conf=0.84 | make these words thick and dark -> Format > Font > Bold
OK   0.30s conf=0.96 | paano gawing bold yung text -> Format > Font > Bold
OK   0.44s conf=0.91 | make it lean over like fancy writing -> Format > Font > Italic
OK   0.36s conf=0.94 | draw a line under this word -> Format > Font > Underline
OK   0.35s conf=0.99 | put the title in the middle of the page -> Format > Text > Center
OK   0.41s conf=0.71 | how do i make a list with dots -> Format > List…
OK   0.31s conf=0.98 | where did I write the word birthday, I cant find it -> Edit > Find > Find…
OK   0.34s conf=1.0 | change every Tuesday to Wednesday all at once -> Edit > Find > Find and Replace…
OK   0.43s conf=0.81 | did i spell everything right -> Edit > Spelling and Grammar > Check Document Now
OK   0.36s conf=0.99 | can the computer read this out loud to me -> Edit > Speech > Start Speaking
OK   0.37s conf=1.0 | stop talking -> Edit > Speech > Stop Speaking
OK   0.58s conf=1.0 | my hands hurt, can I just say it and it writes it down -> Edit > Start Dictation…
OK   0.47s conf=1.0 | put a smiley face in -> Edit > Emoji & Symbols
OK   0.92s conf=0.99 | make everything ALL CAPS -> Edit > Transformations > Make Upper Case
OK   2.60s conf=0.95 | i want a different kind of lettering, something prettier -> Format > Font > Show Fonts
OK   1.00s conf=0.75 | change the color of the words to red -> Format > Font > Show Colors
BAD  0.44s conf=0.87 | put in a grid with little boxes for my numbers -> Edit > Writing Tools > Make Table
OK   0.37s conf=0.99 | start the next part on a brand new page -> Edit > Insert > Page Break
OK   0.44s conf=0.87 | everything is tiny on the screen, bring it closer -> View > Zoom In
OK   0.28s conf=0.8 | fill up the whole screen with this so i can focus -> View > Enter Full Screen
BAD  1.69s conf=0.71 | make the window go away for now but dont close it -> TextEdit > Hide TextEdit
OK   0.52s conf=0.91 | mark this sentence with a blue highlighter -> Format > Font > Highlight > Blue
OK   1.45s conf=0.68 | grab everything on the page -> Edit > Select All
BAD  0.35s conf=0.81 | paki-ayos ng grammar ko dito -> Edit > Spelling and Grammar > Check Grammar With Spelling

TextEdit: accuracy 34/38  median latency 0.44s
OK   1.47s conf=0.93 | start a fresh empty board -> File > New Board
OK   1.27s conf=0.7 | i want a new page to draw on but in a separate window -> File > New Board in New Window
OK   1.20s conf=0.9 | save this as a pdf so i can email it -> File > Export Board as PDF…
OK   1.35s conf=0.94 | I want to send this board to my grandson -> File > Share…
OK   2.45s conf=0.96 | pa-print naman nito -> File > Print Board…
OK   1.22s conf=1.0 | plese undo that i messed up -> Edit > Undo
OK   1.08s conf=0.99 | I undid it by mistake, bring my change back -> Edit > Redo
OK   1.32s conf=0.94 | make another copy of this box -> Edit > Duplicate Selection
OK   2.32s conf=0.53 | get rid of this thing i clicked on -> Edit > Delete
OK   1.59s conf=1.0 | where did i write the word grocery, help me look for it -> Edit > Find > Find…
OK   1.33s conf=0.56 | check if i spelled everything right -> Edit > Spelling and Grammar > Check Document Now
OK   2.14s conf=1.0 | read the words out loud to me -> Edit > Speech > Start Speaking
OK   1.87s conf=0.68 | i want to talk instead of typing -> Edit > Start Dictation…
OK   1.47s conf=0.96 | add a smiley face -> Edit > Emoji & Symbols
OK   1.29s conf=0.93 | make all these words capital letters -> Edit > Transformations > Make Upper Case
OK   1.11s conf=0.96 | pa-highlight lahat ng nasa board -> Edit > Select All
OK   1.79s conf=1.0 | put a little yellow note on here -> Insert > Sticky Note
OK   1.11s conf=0.99 | draw a circle -> Insert > Shape > Oval
OK   1.29s conf=0.95 | i want to type some words anywhere on the board -> Insert > Text Box
OK   2.22s conf=0.93 | put a picture from my photos here -> Insert > Choose Photo or Video
OK   1.39s conf=0.8 | draw an arrow pointing to something -> Insert > Shape > Arrow
OK   2.00s conf=0.9 | i need rows and boxes like a chart for my weekly schedule -> Insert > Table
OK   2.34s conf=0.94 | how do i make writng thicker and darker -> Format > Font > Bold
OK   3.54s conf=0.44 | the letters are too tiny to read -> Format > Font > Bigger
OK   2.28s conf=0.36 | put the writing in the middle -> Format > Text > Align Center
BAD  1.31s conf=0.75 | paano lagyan ng guhit sa ilalim yung text -> Arrange > Send to Back
OK   1.08s conf=0.99 | I want to change the colour of this -> Format > Show Colors
OK   2.34s conf=1.0 | add another line at the bottom of my table -> Format > Table > Add Row Below
OK   1.58s conf=1.0 | take the background off the photo so only the person shows -> Format > Image > Remove Background
OK   1.84s conf=0.98 | this picture is hiding behind the other one, put it on top -> Arrange > Bring to Front
OK   1.07s conf=0.92 | put this behind everything else -> Arrange > Send to Back
OK   1.29s conf=1.0 | stick these together so they move as one -> Arrange > Group
OK   1.41s conf=1.0 | i keep moving this by accident, make it stay put -> Arrange > Lock
OK   2.30s conf=0.92 | everything is so small on the screen i cant see -> View > Zoom > Zoom In
OK   1.32s conf=0.78 | i lost my stuff, show me the whole board at once -> View > Zoom > Zoom to Fit Content
BAD  1.28s conf=0.3 | pano i-close to -> View > Zoom > Zoom In

Freeform: accuracy 34/36  median latency 1.40s
OK   2.94s conf=0.38 | start a brand new recording from scratch -> File > New
OK   1.13s conf=0.72 | bring in a sound file i already have -> File > Import > Audio...
BAD  1.48s conf=0.66 | save my work so i can keep editing later -> File > Save Project > Save Project As...
OK   2.35s conf=1.0 | turn this into an mp3 to send to my grandson -> File > Export Audio...
OK   2.37s conf=1.0 | undo that -> Edit > Undo
OK   1.44s conf=0.82 | bring back what i just undid -> Edit > Redo
OK   1.49s conf=0.62 | get rid of this part -> Edit > Delete
OK   1.54s conf=0.6 | keep only the bit i highlighted and throw the rest away -> Edit > Remove Special > Trim Audio
OK   1.31s conf=0.47 | make this part totally quiet but keep the length -> Edit > Remove Special > Silence Audio
OK   1.12s conf=0.58 | cut the recording into two pieces right here -> Edit > Audio Clips > Split
OK   2.30s conf=1.0 | pick everything -> Select > All
OK   1.18s conf=0.45 | i cant see the sound waves theyre too tiny -> View > Zoom > Zoom In
BAD  2.37s conf=0.16 | show the whole recording on the screen at once -> Window > Zoom All
OK   2.77s conf=0.9 | play it back so i can hear how it sounds -> Transport > Playing > Play/Stop
OK   2.41s conf=0.86 | start recording my voice -> Transport > Recording > Record
OK   1.27s conf=0.98 | record the radio show automatically at 8 tonight -> Transport > Recording > Timer Record...
OK   1.54s conf=0.9 | go back to the very beginning -> Transport > Cursor to > Project Start
OK   2.17s conf=0.75 | play the same thing over and over -> Transport > Looping > Enable Looping
OK   1.69s conf=0.92 | add another track for a second voice -> Tracks > Add New > Mono Track
OK   2.29s conf=1.0 | make it one channel instead of left and right -> Tracks > Mix > Mix Stereo Down to Mono
OK   1.15s conf=0.9 | the recording is too quiet, make it louder -> Effect > Volume and Compression > Amplify...
OK   1.59s conf=0.81 | make the music slowly get quieter at the end -> Effect > Fading > Fade Out
OK   2.26s conf=0.92 | slowly bring the sound up at the start -> Effect > Fading > Fade In
OK   1.34s conf=1.0 | theres a hissing noise in the background -> Effect > Noise Removal and Repair > Noise Reduction...
OK   1.09s conf=0.93 | make my voice sound higher -> Effect > Pitch and Tempo > Change Pitch...
OK   1.43s conf=0.92 | slow it down without making the voice sound weird and deep -> Effect > Pitch and Tempo > Change Tempo...
OK   1.86s conf=0.99 | play it backwards -> Effect > Special > Reverse
OK   1.73s conf=0.98 | add an echo -> Effect > Delay and Reverb > Echo...
OK   1.03s conf=0.59 | too much bass, it sounds muddy -> Effect > EQ and Filters > Bass and Treble...
OK   1.20s conf=0.94 | take out the long quiet pauses between talking -> Effect > Special > Truncate Silence...
BAD  1.82s conf=0.76 | put a marker here so i remember this spot -> Edit > Labels > Add Label at Playback Position
OK   2.42s conf=1.0 | paano tanggalin yung ingay sa likod -> Effect > Noise Removal and Repair > Noise Reduction...
OK   1.52s conf=0.96 | palakasin naman yung boses ko dito -> Effect > Volume and Compression > Amplify...
OK   1.28s conf=1.0 | i-save mo na as mp3 para ma-send ko -> File > Export Audio...
OK   1.67s conf=0.62 | burahin mo tong part na to -> Edit > Delete

Audacity: accuracy 32/35  median latency 1.54s
OK   1.74s conf=0.92 | the picture is sideways, turn it to the right -> Image > Rotate Clockwise
OK   1.07s conf=0.95 | turn the photo the other way, to the left -> Image > Rotate Counterclockwise
OK   1.74s conf=1.0 | make this photo look nicer automatically, its too dark -> Image > Auto Enhance
OK   2.13s conf=0.84 | i messed up my changes, give me the original picture back -> Image > Revert to Original
OK   1.77s conf=0.9 | undo that -> Edit > Undo
OK   2.40s conf=1.0 | make it like a mirror, flip it left to right -> Image > Flip Horizontal
OK   1.38s conf=1.0 | I want to send this to my daughter -> File > Share…
OK   1.51s conf=0.65 | save these pictures onto my desktop so i can put them on a usb -> File > Export > Export Photos…
OK   2.06s conf=1.0 | bring in the pictures from my camera card -> File > Import…
OK   2.38s conf=0.99 | print this picture -> File > Print…
OK   0.86s conf=0.99 | pa-print naman ng picture na to -> File > Print…
OK   2.01s conf=1.0 | make a new album for our trip -> File > New Album
OK   2.93s conf=0.95 | show the pictures one after another with music -> File > Play Slideshow
OK   1.44s conf=0.95 | get rid of this photo -> Image > Delete Photo
OK   0.97s conf=0.84 | burahin mo na tong picture -> Image > Delete Photo
OK   2.02s conf=0.89 | i threw away a photo by mistake where did it go -> View > Utilities > Recently Deleted
OK   1.07s conf=0.93 | put a heart on this one, its my favorite -> Image > Favorite Photo
OK   3.65s conf=0.84 | show me only the ones I hearted -> View > Utilities > Favorites
OK   1.16s conf=0.59 | where are all my videos -> View > Pinned > Videos
OK   1.38s conf=0.82 | show where in the world my pictures were taken -> View > Utilities > Map
OK   1.24s conf=0.64 | look for pictures of the beach -> Edit > Find
OK   1.93s conf=1.0 | i think i have the same picture twice, show me the doubles -> View > Utilities > Duplicates
OK   2.59s conf=0.77 | the little pictures are too small to see -> View > Zoom In
OK   1.53s conf=0.71 | show more pictures on the screen at once -> View > Zoom Out
BAD  1.09s conf=0.62 | tuck this picture away so visitors dont see it -> Photos > Hide Photos
OK   1.87s conf=1.0 | the date on this photo is wrong -> Image > Adjust Date and Time…
OK   1.33s conf=0.72 | play the video -> Image > Start/Stop Playback
OK   2.25s conf=0.88 | i want to crop it and fix the colors myself -> Image > Show/Hide Edit Tools
OK   1.66s conf=0.68 | make a copy of this picture before I change it -> Image > Duplicate
OK   2.02s conf=0.74 | where are the pictures i took of my screen -> View > Media Types > Screenshots
OK   3.26s conf=0.88 | pakita yung mga selfie ko -> View > Media Types > Selfies
OK   1.97s conf=0.48 | show me the pictures sorted by who is in them -> View > Pinned > People
OK   2.87s conf=1.0 | choose all of them -> Edit > Select All
OK   1.16s conf=0.7 | grab a still picture out of this video -> Image > Save Video Frame as Photo
OK   1.97s conf=0.84 | paano gawing full screen yung pics -> View > Enter Full Screen
OK   2.17s conf=0.77 | i want to edit this picture in a different program -> Image > Edit With > Last Used Application

Photos: accuracy 35/36  median latency 1.82s
OK   2.01s conf=1.0 | start a brand new spreadsheet -> File > New…
OK   1.58s conf=0.92 | i-save mo na to -> File > Save
OK   1.56s conf=0.94 | send this to my son but he only has excel -> File > Export To > Excel…
OK   2.34s conf=0.95 | make it into a pdf -> File > Export To > PDF…
OK   1.44s conf=1.0 | pa-print naman nito -> File > Print…
OK   6.00s conf=0.7 | i want my family to be able to work on this with me -> File > Share…
OK   1.61s conf=1.0 | undo that -> Edit > Undo
OK   2.61s conf=1.0 | paano mag-add ng row sa baba -> Table > Add Row Below
OK   3.03s conf=0.99 | i need another line above this one -> Table > Add Row Above
OK   1.55s conf=1.0 | add a column to the right -> Table > Add Column After
OK   1.68s conf=0.83 | get rid of this row -> Table > Delete Row
OK   2.56s conf=0.94 | take out this whole column -> Table > Delete Column
OK   1.82s conf=0.79 | add up all these numbers for me -> Insert > Formula > Sum
OK   2.42s conf=1.0 | whats the average of these -> Insert > Formula > Average
BAD  2.80s conf=0.58 | gawin mong pie chart to -> Format > Chart > Chart Type > 2D Pie
OK   3.85s conf=0.85 | make a bar graph of my monthly bills -> Insert > Chart > 2D Bar
BAD  1.61s conf=0.35 | join these boxes together into one big box -> Format > Shapes and Lines > Unite Shapes
OK   1.73s conf=0.97 | the words dont fit in the box, make them go onto the next line -> Table > Wrap Text
OK   2.38s conf=1.0 | make the column wide enough so i can read everything -> Table > Resize Column to Fit Content
BAD  2.84s conf=0.53 | put todays date in this box -> Insert > Date & Time
OK   1.87s conf=0.64 | put these in order from smallest to biggest -> Organize > Show Sort Options
BAD  1.83s conf=0.55 | only show me the rows from march -> Organize > Turn Filters On
OK   1.88s conf=0.65 | keep the top row stuck there when i scroll down -> Table > Freeze Header Rows
OK   3.08s conf=1.0 | add another page at the bottom tabs -> Insert > Sheet
OK   1.77s conf=0.88 | its so tiny i cant see, make it bigger -> View > Zoom > Zoom In
OK   3.70s conf=1.0 | make these letters bold -> Format > Font > Bold
OK   1.55s conf=0.44 | put the words in the middle of the box -> Format > Text > Align Center
OK   1.60s conf=1.0 | turn the box red when im over budget -> Format > Conditional Highlighting…
OK   1.97s conf=0.81 | make a list with tick boxes -> Insert > Table > Checklist
OK   1.50s conf=0.63 | leave a little note on this box for my wife to see -> Insert > Comment
OK   2.13s conf=1.0 | hide these rows for now -> Table > Hide Rows
OK   2.55s conf=0.95 | bring back the columns that disappeared -> Table > Unhide All Columns
OK   1.64s conf=0.61 | copy the same thing all the way down the column -> Table > Autofill Cells > Autofill Down
OK   2.75s conf=1.0 | look for a word in my spreadsheet -> Edit > Find > Find…
OK   2.94s conf=0.88 | put a password on this so nobody else can open it -> File > Set Password…

Numbers: accuracy 31/35  median latency 1.97s
